// Jest Snapshot v1, https://goo.gl/fbAQLP

exports[`matches snapshot 1`] = `
<div>
  <button
    data-testid="button-testid"
  >
    Hi 
    Save Snapshot
  </button>
</div>
`;
